The target system is: Android - 1 - i686
The host system is: Linux - 5.10.134-013.8.3.kangaroo.al8.x86_64 - x86_64
Compiling the C compiler identification source file "CMakeCCompilerId.c" succeeded.
Compiler: /home/z/android-sdk/ndk/30.0.14904198/toolchains/llvm/prebuilt/linux-x86_64/bin/clang 
Build flags: -g;-DANDROID;-fdata-sections;-ffunction-sections;-funwind-tables;-fstack-protector-strong;-no-canonical-prefixes;-mstackrealign;-D_FORTIFY_SOURCE=2;-Wformat;-Werror=format-security;
Id flags: -c;--target=i686-none-linux-android23 

The output was:
0


Compilation of the C compiler identification source "CMakeCCompilerId.c" produced "CMakeCCompilerId.o"

The C compiler identification is Clang, found in "/home/z/my-project/download/android_project/app/.cxx/Debug/5l4cg5dk/x86/CMakeFiles/3.22.1-g37088a8/CompilerIdC/CMakeCCompilerId.o"

Compiling the CXX compiler identification source file "CMakeCXXCompilerId.cpp" succeeded.
Compiler: /home/z/android-sdk/ndk/30.0.14904198/toolchains/llvm/prebuilt/linux-x86_64/bin/clang++ 
Build flags: -g;-DANDROID;-fdata-sections;-ffunction-sections;-funwind-tables;-fstack-protector-strong;-no-canonical-prefixes;-mstackrealign;-D_FORTIFY_SOURCE=2;-Wformat;-Werror=format-security;;-std=c++11
Id flags: -c;--target=i686-none-linux-android23 

The output was:
0


Compilation of the CXX compiler identification source "CMakeCXXCompilerId.cpp" produced "CMakeCXXCompilerId.o"

The CXX compiler identification is Clang, found in "/home/z/my-project/download/android_project/app/.cxx/Debug/5l4cg5dk/x86/CMakeFiles/3.22.1-g37088a8/CompilerIdCXX/CMakeCXXCompilerId.o"

Detecting C compiler ABI info compiled with the following output:
Change Dir: /home/z/my-project/download/android_project/app/.cxx/Debug/5l4cg5dk/x86/CMakeFiles/CMakeTmp

Run Build Command(s):/home/z/android-sdk/cmake/3.22.1/bin/ninja cmTC_ba9c3 && [1/2] Building C object CMakeFiles/cmTC_ba9c3.dir/CMakeCCompilerABI.c.o
Android (14475230, +pgo, +bolt, +lto, +mlgo, based on r574158) clang version 21.0.0 (https://android.googlesource.com/toolchain/llvm-project 9f872551d3c681d06fd303b36f16ed5c274735eb)
Target: i686-none-linux-android23
Thread model: posix
InstalledDir: /home/z/android-sdk/ndk/30.0.14904198/toolchains/llvm/prebuilt/linux-x86_64/bin
 (in-process)
 "/home/z/android-sdk/ndk/30.0.14904198/toolchains/llvm/prebuilt/linux-x86_64/bin/clang" -cc1 -triple i686-none-linux-android23 -emit-obj -disable-free -clear-ast-before-backend -disable-llvm-verifier -discard-value-names -main-file-name CMakeCCompilerABI.c -mrelocation-model pic -pic-level 2 -pic-is-pie -mframe-pointer=non-leaf -ffp-contract=on -fno-rounding-math -mconstructor-aliases -funwind-tables=2 -target-cpu i686 -target-feature +ssse3 -tune-cpu generic -debug-info-kind=constructor -dwarf-version=4 -debugger-tuning=gdb -fdebug-compilation-dir=/home/z/my-project/download/android_project/app/.cxx/Debug/5l4cg5dk/x86/CMakeFiles/CMakeTmp -v -ffunction-sections -fdata-sections -fcoverage-compilation-dir=/home/z/my-project/download/android_project/app/.cxx/Debug/5l4cg5dk/x86/CMakeFiles/CMakeTmp -resource-dir /home/z/android-sdk/ndk/30.0.14904198/toolchains/llvm/prebuilt/linux-x86_64/lib/clang/21 -dependency-file CMakeFiles/cmTC_ba9c3.dir/CMakeCCompilerABI.c.o.d -MT CMakeFiles/cmTC_ba9c3.dir/CMakeCCompilerABI.c.o -sys-header-deps -D ANDROID -D _FORTIFY_SOURCE=2 -isysroot /home/z/android-sdk/ndk/30.0.14904198/toolchains/llvm/prebuilt/linux-x86_64/sysroot -internal-isystem /home/z/android-sdk/ndk/30.0.14904198/toolchains/llvm/prebuilt/linux-x86_64/lib/clang/21/include -internal-isystem /home/z/android-sdk/ndk/30.0.14904198/toolchains/llvm/prebuilt/linux-x86_64/sysroot/usr/local/include -internal-externc-isystem /home/z/android-sdk/ndk/30.0.14904198/toolchains/llvm/prebuilt/linux-x86_64/sysroot/usr/include/i686-linux-android -internal-externc-isystem /home/z/android-sdk/ndk/30.0.14904198/toolchains/llvm/prebuilt/linux-x86_64/sysroot/include -internal-externc-isystem /home/z/android-sdk/ndk/30.0.14904198/toolchains/llvm/prebuilt/linux-x86_64/sysroot/usr/include -Wformat -ferror-limit 19 -femulated-tls -stack-protector 2 -mstackrealign -fgnuc-version=4.2.1 -fskip-odr-check-in-gmf -D__GCC_HAVE_DWARF2_CFI_ASM=1 -o CMakeFiles/cmTC_ba9c3.dir/CMakeCCompilerABI.c.o -x c /home/z/android-sdk/cmake/3.22.1/share/cmake-3.22/Modules/CMakeCCompilerABI.c
clang -cc1 version 21.0.0 based upon LLVM 21.0.0 default target x86_64-unknown-linux-gnu
ignoring nonexistent directory "/home/z/android-sdk/ndk/30.0.14904198/toolchains/llvm/prebuilt/linux-x86_64/sysroot/usr/local/include"
ignoring nonexistent directory "/home/z/android-sdk/ndk/30.0.14904198/toolchains/llvm/prebuilt/linux-x86_64/sysroot/include"
#include "..." search starts here:
#include <...> search starts here:
 /home/z/android-sdk/ndk/30.0.14904198/toolchains/llvm/prebuilt/linux-x86_64/lib/clang/21/include
 /home/z/android-sdk/ndk/30.0.14904198/toolchains/llvm/prebuilt/linux-x86_64/sysroot/usr/include/i686-linux-android
 /home/z/android-sdk/ndk/30.0.14904198/toolchains/llvm/prebuilt/linux-x86_64/sysroot/usr/include
End of search list.
[2/2] Linking C executable cmTC_ba9c3
Android (14475230, +pgo, +bolt, +lto, +mlgo, based on r574158) clang version 21.0.0 (https://android.googlesource.com/toolchain/llvm-project 9f872551d3c681d06fd303b36f16ed5c274735eb)
Target: i686-none-linux-android23
Thread model: posix
InstalledDir: /home/z/android-sdk/ndk/30.0.14904198/toolchains/llvm/prebuilt/linux-x86_64/bin
 "/home/z/android-sdk/ndk/30.0.14904198/toolchains/llvm/prebuilt/linux-x86_64/bin/ld.lld" --sysroot=/home/z/android-sdk/ndk/30.0.14904198/toolchains/llvm/prebuilt/linux-x86_64/sysroot -z now -z relro --no-rosegment --hash-style=gnu --eh-frame-hdr -m elf_i386 -pie -dynamic-linker /system/bin/linker -o cmTC_ba9c3 /home/z/android-sdk/ndk/30.0.14904198/toolchains/llvm/prebuilt/linux-x86_64/sysroot/usr/lib/i686-linux-android/23/crtbegin_dynamic.o -L/home/z/android-sdk/ndk/30.0.14904198/toolchains/llvm/prebuilt/linux-x86_64/lib/clang/21/lib/linux/i386 -L/home/z/android-sdk/ndk/30.0.14904198/toolchains/llvm/prebuilt/linux-x86_64/sysroot/usr/lib/i686-linux-android/23 -L/home/z/android-sdk/ndk/30.0.14904198/toolchains/llvm/prebuilt/linux-x86_64/sysroot/usr/lib/i686-linux-android -L/home/z/android-sdk/ndk/30.0.14904198/toolchains/llvm/prebuilt/linux-x86_64/sysroot/usr/lib --build-id=sha1 --no-rosegment --no-undefined-version --fatal-warnings --no-undefined CMakeFiles/cmTC_ba9c3.dir/CMakeCCompilerABI.c.o /home/z/android-sdk/ndk/30.0.14904198/toolchains/llvm/prebuilt/linux-x86_64/lib/clang/21/lib/linux/libclang_rt.builtins-i686-android.a -l:libunwind.a -ldl -lc /home/z/android-sdk/ndk/30.0.14904198/toolchains/llvm/prebuilt/linux-x86_64/lib/clang/21/lib/linux/libclang_rt.builtins-i686-android.a -l:libunwind.a -ldl /home/z/android-sdk/ndk/30.0.14904198/toolchains/llvm/prebuilt/linux-x86_64/sysroot/usr/lib/i686-linux-android/23/crtend_android.o



Parsed C implicit include dir info from above output: rv=done
  found start of include info
  found start of implicit include info
    add: [/home/z/android-sdk/ndk/30.0.14904198/toolchains/llvm/prebuilt/linux-x86_64/lib/clang/21/include]
    add: [/home/z/android-sdk/ndk/30.0.14904198/toolchains/llvm/prebuilt/linux-x86_64/sysroot/usr/include/i686-linux-android]
    add: [/home/z/android-sdk/ndk/30.0.14904198/toolchains/llvm/prebuilt/linux-x86_64/sysroot/usr/include]
  end of search list found
  collapse include dir [/home/z/android-sdk/ndk/30.0.14904198/toolchains/llvm/prebuilt/linux-x86_64/lib/clang/21/include] ==> [/home/z/android-sdk/ndk/30.0.14904198/toolchains/llvm/prebuilt/linux-x86_64/lib/clang/21/include]
  collapse include dir [/home/z/android-sdk/ndk/30.0.14904198/toolchains/llvm/prebuilt/linux-x86_64/sysroot/usr/include/i686-linux-android] ==> [/home/z/android-sdk/ndk/30.0.14904198/toolchains/llvm/prebuilt/linux-x86_64/sysroot/usr/include/i686-linux-android]
  collapse include dir [/home/z/android-sdk/ndk/30.0.14904198/toolchains/llvm/prebuilt/linux-x86_64/sysroot/usr/include] ==> [/home/z/android-sdk/ndk/30.0.14904198/toolchains/llvm/prebuilt/linux-x86_64/sysroot/usr/include]
  implicit include dirs: [/home/z/android-sdk/ndk/30.0.14904198/toolchains/llvm/prebuilt/linux-x86_64/lib/clang/21/include;/home/z/android-sdk/ndk/30.0.14904198/toolchains/llvm/prebuilt/linux-x86_64/sysroot/usr/include/i686-linux-android;/home/z/android-sdk/ndk/30.0.14904198/toolchains/llvm/prebuilt/linux-x86_64/sysroot/usr/include]


Parsed C implicit link information from above output:
  link line regex: [^( *|.*[/\])(ld\.lld|CMAKE_LINK_STARTFILE-NOTFOUND|([^/\]+-)?ld|collect2)[^/\]*( |$)]
  ignore line: [Change Dir: /home/z/my-project/download/android_project/app/.cxx/Debug/5l4cg5dk/x86/CMakeFiles/CMakeTmp]
  ignore line: []
  ignore line: [Run Build Command(s):/home/z/android-sdk/cmake/3.22.1/bin/ninja cmTC_ba9c3 && [1/2] Building C object CMakeFiles/cmTC_ba9c3.dir/CMakeCCompilerABI.c.o]
  ignore line: [Android (14475230  +pgo  +bolt  +lto  +mlgo  based on r574158) clang version 21.0.0 (https://android.googlesource.com/toolchain/llvm-project 9f872551d3c681d06fd303b36f16ed5c274735eb)]
  ignore line: [Target: i686-none-linux-android23]
  ignore line: [Thread model: posix]
  ignore line: [InstalledDir: /home/z/android-sdk/ndk/30.0.14904198/toolchains/llvm/prebuilt/linux-x86_64/bin]
  ignore line: [ (in-process)]
  ignore line: [ "/home/z/android-sdk/ndk/30.0.14904198/toolchains/llvm/prebuilt/linux-x86_64/bin/clang" -cc1 -triple i686-none-linux-android23 -emit-obj -disable-free -clear-ast-before-backend -disable-llvm-verifier -discard-value-names -main-file-name CMakeCCompilerABI.c -mrelocation-model pic -pic-level 2 -pic-is-pie -mframe-pointer=non-leaf -ffp-contract=on -fno-rounding-math -mconstructor-aliases -funwind-tables=2 -target-cpu i686 -target-feature +ssse3 -tune-cpu generic -debug-info-kind=constructor -dwarf-version=4 -debugger-tuning=gdb -fdebug-compilation-dir=/home/z/my-project/download/android_project/app/.cxx/Debug/5l4cg5dk/x86/CMakeFiles/CMakeTmp -v -ffunction-sections -fdata-sections -fcoverage-compilation-dir=/home/z/my-project/download/android_project/app/.cxx/Debug/5l4cg5dk/x86/CMakeFiles/CMakeTmp -resource-dir /home/z/android-sdk/ndk/30.0.14904198/toolchains/llvm/prebuilt/linux-x86_64/lib/clang/21 -dependency-file CMakeFiles/cmTC_ba9c3.dir/CMakeCCompilerABI.c.o.d -MT CMakeFiles/cmTC_ba9c3.dir/CMakeCCompilerABI.c.o -sys-header-deps -D ANDROID -D _FORTIFY_SOURCE=2 -isysroot /home/z/android-sdk/ndk/30.0.14904198/toolchains/llvm/prebuilt/linux-x86_64/sysroot -internal-isystem /home/z/android-sdk/ndk/30.0.14904198/toolchains/llvm/prebuilt/linux-x86_64/lib/clang/21/include -internal-isystem /home/z/android-sdk/ndk/30.0.14904198/toolchains/llvm/prebuilt/linux-x86_64/sysroot/usr/local/include -internal-externc-isystem /home/z/android-sdk/ndk/30.0.14904198/toolchains/llvm/prebuilt/linux-x86_64/sysroot/usr/include/i686-linux-android -internal-externc-isystem /home/z/android-sdk/ndk/30.0.14904198/toolchains/llvm/prebuilt/linux-x86_64/sysroot/include -internal-externc-isystem /home/z/android-sdk/ndk/30.0.14904198/toolchains/llvm/prebuilt/linux-x86_64/sysroot/usr/include -Wformat -ferror-limit 19 -femulated-tls -stack-protector 2 -mstackrealign -fgnuc-version=4.2.1 -fskip-odr-check-in-gmf -D__GCC_HAVE_DWARF2_CFI_ASM=1 -o CMakeFiles/cmTC_ba9c3.dir/CMakeCCompilerABI.c.o -x c /home/z/android-sdk/cmake/3.22.1/share/cmake-3.22/Modules/CMakeCCompilerABI.c]
  ignore line: [clang -cc1 version 21.0.0 based upon LLVM 21.0.0 default target x86_64-unknown-linux-gnu]
  ignore line: [ignoring nonexistent directory "/home/z/android-sdk/ndk/30.0.14904198/toolchains/llvm/prebuilt/linux-x86_64/sysroot/usr/local/include"]
  ignore line: [ignoring nonexistent directory "/home/z/android-sdk/ndk/30.0.14904198/toolchains/llvm/prebuilt/linux-x86_64/sysroot/include"]
  ignore line: [#include "..." search starts here:]
  ignore line: [#include <...> search starts here:]
  ignore line: [ /home/z/android-sdk/ndk/30.0.14904198/toolchains/llvm/prebuilt/linux-x86_64/lib/clang/21/include]
  ignore line: [ /home/z/android-sdk/ndk/30.0.14904198/toolchains/llvm/prebuilt/linux-x86_64/sysroot/usr/include/i686-linux-android]
  ignore line: [ /home/z/android-sdk/ndk/30.0.14904198/toolchains/llvm/prebuilt/linux-x86_64/sysroot/usr/include]
  ignore line: [End of search list.]
  ignore line: [[2/2] Linking C executable cmTC_ba9c3]
  ignore line: [Android (14475230  +pgo  +bolt  +lto  +mlgo  based on r574158) clang version 21.0.0 (https://android.googlesource.com/toolchain/llvm-project 9f872551d3c681d06fd303b36f16ed5c274735eb)]
  ignore line: [Target: i686-none-linux-android23]
  ignore line: [Thread model: posix]
  ignore line: [InstalledDir: /home/z/android-sdk/ndk/30.0.14904198/toolchains/llvm/prebuilt/linux-x86_64/bin]
  link line: [ "/home/z/android-sdk/ndk/30.0.14904198/toolchains/llvm/prebuilt/linux-x86_64/bin/ld.lld" --sysroot=/home/z/android-sdk/ndk/30.0.14904198/toolchains/llvm/prebuilt/linux-x86_64/sysroot -z now -z relro --no-rosegment --hash-style=gnu --eh-frame-hdr -m elf_i386 -pie -dynamic-linker /system/bin/linker -o cmTC_ba9c3 /home/z/android-sdk/ndk/30.0.14904198/toolchains/llvm/prebuilt/linux-x86_64/sysroot/usr/lib/i686-linux-android/23/crtbegin_dynamic.o -L/home/z/android-sdk/ndk/30.0.14904198/toolchains/llvm/prebuilt/linux-x86_64/lib/clang/21/lib/linux/i386 -L/home/z/android-sdk/ndk/30.0.14904198/toolchains/llvm/prebuilt/linux-x86_64/sysroot/usr/lib/i686-linux-android/23 -L/home/z/android-sdk/ndk/30.0.14904198/toolchains/llvm/prebuilt/linux-x86_64/sysroot/usr/lib/i686-linux-android -L/home/z/android-sdk/ndk/30.0.14904198/toolchains/llvm/prebuilt/linux-x86_64/sysroot/usr/lib --build-id=sha1 --no-rosegment --no-undefined-version --fatal-warnings --no-undefined CMakeFiles/cmTC_ba9c3.dir/CMakeCCompilerABI.c.o /home/z/android-sdk/ndk/30.0.14904198/toolchains/llvm/prebuilt/linux-x86_64/lib/clang/21/lib/linux/libclang_rt.builtins-i686-android.a -l:libunwind.a -ldl -lc /home/z/android-sdk/ndk/30.0.14904198/toolchains/llvm/prebuilt/linux-x86_64/lib/clang/21/lib/linux/libclang_rt.builtins-i686-android.a -l:libunwind.a -ldl /home/z/android-sdk/ndk/30.0.14904198/toolchains/llvm/prebuilt/linux-x86_64/sysroot/usr/lib/i686-linux-android/23/crtend_android.o]
    arg [/home/z/android-sdk/ndk/30.0.14904198/toolchains/llvm/prebuilt/linux-x86_64/bin/ld.lld] ==> ignore
    arg [--sysroot=/home/z/android-sdk/ndk/30.0.14904198/toolchains/llvm/prebuilt/linux-x86_64/sysroot] ==> ignore
    arg [-znow] ==> ignore
    arg [-zrelro] ==> ignore
    arg [--no-rosegment] ==> ignore
    arg [--hash-style=gnu] ==> ignore
    arg [--eh-frame-hdr] ==> ignore
    arg [-m] ==> ignore
    arg [elf_i386] ==> ignore
    arg [-pie] ==> ignore
    arg [-dynamic-linker] ==> ignore
    arg [/system/bin/linker] ==> ignore
    arg [-o] ==> ignore
    arg [cmTC_ba9c3] ==> ignore
    arg [/home/z/android-sdk/ndk/30.0.14904198/toolchains/llvm/prebuilt/linux-x86_64/sysroot/usr/lib/i686-linux-android/23/crtbegin_dynamic.o] ==> obj [/home/z/android-sdk/ndk/30.0.14904198/toolchains/llvm/prebuilt/linux-x86_64/sysroot/usr/lib/i686-linux-android/23/crtbegin_dynamic.o]
    arg [-L/home/z/android-sdk/ndk/30.0.14904198/toolchains/llvm/prebuilt/linux-x86_64/lib/clang/21/lib/linux/i386] ==> dir [/home/z/android-sdk/ndk/30.0.14904198/toolchains/llvm/prebuilt/linux-x86_64/lib/clang/21/lib/linux/i386]
    arg [-L/home/z/android-sdk/ndk/30.0.14904198/toolchains/llvm/prebuilt/linux-x86_64/sysroot/usr/lib/i686-linux-android/23] ==> dir [/home/z/android-sdk/ndk/30.0.14904198/toolchains/llvm/prebuilt/linux-x86_64/sysroot/usr/lib/i686-linux-android/23]
    arg [-L/home/z/android-sdk/ndk/30.0.14904198/toolchains/llvm/prebuilt/linux-x86_64/sysroot/usr/lib/i686-linux-android] ==> dir [/home/z/android-sdk/ndk/30.0.14904198/toolchains/llvm/prebuilt/linux-x86_64/sysroot/usr/lib/i686-linux-android]
    arg [-L/home/z/android-sdk/ndk/30.0.14904198/toolchains/llvm/prebuilt/linux-x86_64/sysroot/usr/lib] ==> dir [/home/z/android-sdk/ndk/30.0.14904198/toolchains/llvm/prebuilt/linux-x86_64/sysroot/usr/lib]
    arg [--build-id=sha1] ==> ignore
    arg [--no-rosegment] ==> ignore
    arg [--no-undefined-version] ==> ignore
    arg [--fatal-warnings] ==> ignore
    arg [--no-undefined] ==> ignore
    arg [CMakeFiles/cmTC_ba9c3.dir/CMakeCCompilerABI.c.o] ==> ignore
    arg [/home/z/android-sdk/ndk/30.0.14904198/toolchains/llvm/prebuilt/linux-x86_64/lib/clang/21/lib/linux/libclang_rt.builtins-i686-android.a] ==> lib [/home/z/android-sdk/ndk/30.0.14904198/toolchains/llvm/prebuilt/linux-x86_64/lib/clang/21/lib/linux/libclang_rt.builtins-i686-android.a]
    arg [-l:libunwind.a] ==> lib [-l:libunwind.a]
    arg [-ldl] ==> lib [dl]
    arg [-lc] ==> lib [c]
    arg [/home/z/android-sdk/ndk/30.0.14904198/toolchains/llvm/prebuilt/linux-x86_64/lib/clang/21/lib/linux/libclang_rt.builtins-i686-android.a] ==> lib [/home/z/android-sdk/ndk/30.0.14904198/toolchains/llvm/prebuilt/linux-x86_64/lib/clang/21/lib/linux/libclang_rt.builtins-i686-android.a]
    arg [-l:libunwind.a] ==> lib [-l:libunwind.a]
    arg [-ldl] ==> lib [dl]
    arg [/home/z/android-sdk/ndk/30.0.14904198/toolchains/llvm/prebuilt/linux-x86_64/sysroot/usr/lib/i686-linux-android/23/crtend_android.o] ==> obj [/home/z/android-sdk/ndk/30.0.14904198/toolchains/llvm/prebuilt/linux-x86_64/sysroot/usr/lib/i686-linux-android/23/crtend_android.o]
  remove lib [/home/z/android-sdk/ndk/30.0.14904198/toolchains/llvm/prebuilt/linux-x86_64/lib/clang/21/lib/linux/libclang_rt.builtins-i686-android.a]
  remove lib [/home/z/android-sdk/ndk/30.0.14904198/toolchains/llvm/prebuilt/linux-x86_64/lib/clang/21/lib/linux/libclang_rt.builtins-i686-android.a]
  collapse library dir [/home/z/android-sdk/ndk/30.0.14904198/toolchains/llvm/prebuilt/linux-x86_64/lib/clang/21/lib/linux/i386] ==> [/home/z/android-sdk/ndk/30.0.14904198/toolchains/llvm/prebuilt/linux-x86_64/lib/clang/21/lib/linux/i386]
  collapse library dir [/home/z/android-sdk/ndk/30.0.14904198/toolchains/llvm/prebuilt/linux-x86_64/sysroot/usr/lib/i686-linux-android/23] ==> [/home/z/android-sdk/ndk/30.0.14904198/toolchains/llvm/prebuilt/linux-x86_64/sysroot/usr/lib/i686-linux-android/23]
  collapse library dir [/home/z/android-sdk/ndk/30.0.14904198/toolchains/llvm/prebuilt/linux-x86_64/sysroot/usr/lib/i686-linux-android] ==> [/home/z/android-sdk/ndk/30.0.14904198/toolchains/llvm/prebuilt/linux-x86_64/sysroot/usr/lib/i686-linux-android]
  collapse library dir [/home/z/android-sdk/ndk/30.0.14904198/toolchains/llvm/prebuilt/linux-x86_64/sysroot/usr/lib] ==> [/home/z/android-sdk/ndk/30.0.14904198/toolchains/llvm/prebuilt/linux-x86_64/sysroot/usr/lib]
  implicit libs: [-l:libunwind.a;dl;c;-l:libunwind.a;dl]
  implicit objs: [/home/z/android-sdk/ndk/30.0.14904198/toolchains/llvm/prebuilt/linux-x86_64/sysroot/usr/lib/i686-linux-android/23/crtbegin_dynamic.o;/home/z/android-sdk/ndk/30.0.14904198/toolchains/llvm/prebuilt/linux-x86_64/sysroot/usr/lib/i686-linux-android/23/crtend_android.o]
  implicit dirs: [/home/z/android-sdk/ndk/30.0.14904198/toolchains/llvm/prebuilt/linux-x86_64/lib/clang/21/lib/linux/i386;/home/z/android-sdk/ndk/30.0.14904198/toolchains/llvm/prebuilt/linux-x86_64/sysroot/usr/lib/i686-linux-android/23;/home/z/android-sdk/ndk/30.0.14904198/toolchains/llvm/prebuilt/linux-x86_64/sysroot/usr/lib/i686-linux-android;/home/z/android-sdk/ndk/30.0.14904198/toolchains/llvm/prebuilt/linux-x86_64/sysroot/usr/lib]
  implicit fwks: []


Detecting CXX compiler ABI info compiled with the following output:
Change Dir: /home/z/my-project/download/android_project/app/.cxx/Debug/5l4cg5dk/x86/CMakeFiles/CMakeTmp

Run Build Command(s):/home/z/android-sdk/cmake/3.22.1/bin/ninja cmTC_5476a && [1/2] Building CXX object CMakeFiles/cmTC_5476a.dir/CMakeCXXCompilerABI.cpp.o
Android (14475230, +pgo, +bolt, +lto, +mlgo, based on r574158) clang version 21.0.0 (https://android.googlesource.com/toolchain/llvm-project 9f872551d3c681d06fd303b36f16ed5c274735eb)
Target: i686-none-linux-android23
Thread model: posix
InstalledDir: /home/z/android-sdk/ndk/30.0.14904198/toolchains/llvm/prebuilt/linux-x86_64/bin
 (in-process)
 "/home/z/android-sdk/ndk/30.0.14904198/toolchains/llvm/prebuilt/linux-x86_64/bin/clang++" -cc1 -triple i686-none-linux-android23 -emit-obj -disable-free -clear-ast-before-backend -disable-llvm-verifier -discard-value-names -main-file-name CMakeCXXCompilerABI.cpp -mrelocation-model pic -pic-level 2 -pic-is-pie -mframe-pointer=non-leaf -ffp-contract=on -fno-rounding-math -mconstructor-aliases -funwind-tables=2 -target-cpu i686 -target-feature +ssse3 -tune-cpu generic -debug-info-kind=constructor -dwarf-version=4 -debugger-tuning=gdb -fdebug-compilation-dir=/home/z/my-project/download/android_project/app/.cxx/Debug/5l4cg5dk/x86/CMakeFiles/CMakeTmp -v -ffunction-sections -fdata-sections -fcoverage-compilation-dir=/home/z/my-project/download/android_project/app/.cxx/Debug/5l4cg5dk/x86/CMakeFiles/CMakeTmp -resource-dir /home/z/android-sdk/ndk/30.0.14904198/toolchains/llvm/prebuilt/linux-x86_64/lib/clang/21 -dependency-file CMakeFiles/cmTC_5476a.dir/CMakeCXXCompilerABI.cpp.o.d -MT CMakeFiles/cmTC_5476a.dir/CMakeCXXCompilerABI.cpp.o -sys-header-deps -D ANDROID -D _FORTIFY_SOURCE=2 -isysroot /home/z/android-sdk/ndk/30.0.14904198/toolchains/llvm/prebuilt/linux-x86_64/sysroot -internal-isystem /home/z/android-sdk/ndk/30.0.14904198/toolchains/llvm/prebuilt/linux-x86_64/sysroot/usr/include/c++/v1 -internal-isystem /home/z/android-sdk/ndk/30.0.14904198/toolchains/llvm/prebuilt/linux-x86_64/lib/clang/21/include -internal-isystem /home/z/android-sdk/ndk/30.0.14904198/toolchains/llvm/prebuilt/linux-x86_64/sysroot/usr/local/include -internal-externc-isystem /home/z/android-sdk/ndk/30.0.14904198/toolchains/llvm/prebuilt/linux-x86_64/sysroot/usr/include/i686-linux-android -internal-externc-isystem /home/z/android-sdk/ndk/30.0.14904198/toolchains/llvm/prebuilt/linux-x86_64/sysroot/include -internal-externc-isystem /home/z/android-sdk/ndk/30.0.14904198/toolchains/llvm/prebuilt/linux-x86_64/sysroot/usr/include -Wformat -std=c++11 -fdeprecated-macro -ferror-limit 19 -femulated-tls -stack-protector 2 -mstackrealign -fgnuc-version=4.2.1 -fskip-odr-check-in-gmf -fcxx-exceptions -fexceptions -D__GCC_HAVE_DWARF2_CFI_ASM=1 -o CMakeFiles/cmTC_5476a.dir/CMakeCXXCompilerABI.cpp.o -x c++ /home/z/android-sdk/cmake/3.22.1/share/cmake-3.22/Modules/CMakeCXXCompilerABI.cpp
clang -cc1 version 21.0.0 based upon LLVM 21.0.0 default target x86_64-unknown-linux-gnu
ignoring nonexistent directory "/home/z/android-sdk/ndk/30.0.14904198/toolchains/llvm/prebuilt/linux-x86_64/sysroot/usr/local/include"
ignoring nonexistent directory "/home/z/android-sdk/ndk/30.0.14904198/toolchains/llvm/prebuilt/linux-x86_64/sysroot/include"
#include "..." search starts here:
#include <...> search starts here:
 /home/z/android-sdk/ndk/30.0.14904198/toolchains/llvm/prebuilt/linux-x86_64/sysroot/usr/include/c++/v1
 /home/z/android-sdk/ndk/30.0.14904198/toolchains/llvm/prebuilt/linux-x86_64/lib/clang/21/include
 /home/z/android-sdk/ndk/30.0.14904198/toolchains/llvm/prebuilt/linux-x86_64/sysroot/usr/include/i686-linux-android
 /home/z/android-sdk/ndk/30.0.14904198/toolchains/llvm/prebuilt/linux-x86_64/sysroot/usr/include
End of search list.
[2/2] Linking CXX executable cmTC_5476a
Android (14475230, +pgo, +bolt, +lto, +mlgo, based on r574158) clang version 21.0.0 (https://android.googlesource.com/toolchain/llvm-project 9f872551d3c681d06fd303b36f16ed5c274735eb)
Target: i686-none-linux-android23
Thread model: posix
InstalledDir: /home/z/android-sdk/ndk/30.0.14904198/toolchains/llvm/prebuilt/linux-x86_64/bin
 "/home/z/android-sdk/ndk/30.0.14904198/toolchains/llvm/prebuilt/linux-x86_64/bin/ld.lld" --sysroot=/home/z/android-sdk/ndk/30.0.14904198/toolchains/llvm/prebuilt/linux-x86_64/sysroot -z now -z relro --no-rosegment --hash-style=gnu --eh-frame-hdr -m elf_i386 -pie -dynamic-linker /system/bin/linker -o cmTC_5476a /home/z/android-sdk/ndk/30.0.14904198/toolchains/llvm/prebuilt/linux-x86_64/sysroot/usr/lib/i686-linux-android/23/crtbegin_dynamic.o -L/home/z/android-sdk/ndk/30.0.14904198/toolchains/llvm/prebuilt/linux-x86_64/lib/clang/21/lib/linux/i386 -L/home/z/android-sdk/ndk/30.0.14904198/toolchains/llvm/prebuilt/linux-x86_64/sysroot/usr/lib/i686-linux-android/23 -L/home/z/android-sdk/ndk/30.0.14904198/toolchains/llvm/prebuilt/linux-x86_64/sysroot/usr/lib/i686-linux-android -L/home/z/android-sdk/ndk/30.0.14904198/toolchains/llvm/prebuilt/linux-x86_64/sysroot/usr/lib --build-id=sha1 --no-rosegment --no-undefined-version --fatal-warnings --no-undefined CMakeFiles/cmTC_5476a.dir/CMakeCXXCompilerABI.cpp.o -Bstatic -lc++ -Bdynamic -lm /home/z/android-sdk/ndk/30.0.14904198/toolchains/llvm/prebuilt/linux-x86_64/lib/clang/21/lib/linux/libclang_rt.builtins-i686-android.a -l:libunwind.a -ldl -lc /home/z/android-sdk/ndk/30.0.14904198/toolchains/llvm/prebuilt/linux-x86_64/lib/clang/21/lib/linux/libclang_rt.builtins-i686-android.a -l:libunwind.a -ldl /home/z/android-sdk/ndk/30.0.14904198/toolchains/llvm/prebuilt/linux-x86_64/sysroot/usr/lib/i686-linux-android/23/crtend_android.o



Parsed CXX implicit include dir info from above output: rv=done
  found start of include info
  found start of implicit include info
    add: [/home/z/android-sdk/ndk/30.0.14904198/toolchains/llvm/prebuilt/linux-x86_64/sysroot/usr/include/c++/v1]
    add: [/home/z/android-sdk/ndk/30.0.14904198/toolchains/llvm/prebuilt/linux-x86_64/lib/clang/21/include]
    add: [/home/z/android-sdk/ndk/30.0.14904198/toolchains/llvm/prebuilt/linux-x86_64/sysroot/usr/include/i686-linux-android]
    add: [/home/z/android-sdk/ndk/30.0.14904198/toolchains/llvm/prebuilt/linux-x86_64/sysroot/usr/include]
  end of search list found
  collapse include dir [/home/z/android-sdk/ndk/30.0.14904198/toolchains/llvm/prebuilt/linux-x86_64/sysroot/usr/include/c++/v1] ==> [/home/z/android-sdk/ndk/30.0.14904198/toolchains/llvm/prebuilt/linux-x86_64/sysroot/usr/include/c++/v1]
  collapse include dir [/home/z/android-sdk/ndk/30.0.14904198/toolchains/llvm/prebuilt/linux-x86_64/lib/clang/21/include] ==> [/home/z/android-sdk/ndk/30.0.14904198/toolchains/llvm/prebuilt/linux-x86_64/lib/clang/21/include]
  collapse include dir [/home/z/android-sdk/ndk/30.0.14904198/toolchains/llvm/prebuilt/linux-x86_64/sysroot/usr/include/i686-linux-android] ==> [/home/z/android-sdk/ndk/30.0.14904198/toolchains/llvm/prebuilt/linux-x86_64/sysroot/usr/include/i686-linux-android]
  collapse include dir [/home/z/android-sdk/ndk/30.0.14904198/toolchains/llvm/prebuilt/linux-x86_64/sysroot/usr/include] ==> [/home/z/android-sdk/ndk/30.0.14904198/toolchains/llvm/prebuilt/linux-x86_64/sysroot/usr/include]
  implicit include dirs: [/home/z/android-sdk/ndk/30.0.14904198/toolchains/llvm/prebuilt/linux-x86_64/sysroot/usr/include/c++/v1;/home/z/android-sdk/ndk/30.0.14904198/toolchains/llvm/prebuilt/linux-x86_64/lib/clang/21/include;/home/z/android-sdk/ndk/30.0.14904198/toolchains/llvm/prebuilt/linux-x86_64/sysroot/usr/include/i686-linux-android;/home/z/android-sdk/ndk/30.0.14904198/toolchains/llvm/prebuilt/linux-x86_64/sysroot/usr/include]


Parsed CXX implicit link information from above output:
  link line regex: [^( *|.*[/\])(ld\.lld|CMAKE_LINK_STARTFILE-NOTFOUND|([^/\]+-)?ld|collect2)[^/\]*( |$)]
  ignore line: [Change Dir: /home/z/my-project/download/android_project/app/.cxx/Debug/5l4cg5dk/x86/CMakeFiles/CMakeTmp]
  ignore line: []
  ignore line: [Run Build Command(s):/home/z/android-sdk/cmake/3.22.1/bin/ninja cmTC_5476a && [1/2] Building CXX object CMakeFiles/cmTC_5476a.dir/CMakeCXXCompilerABI.cpp.o]
  ignore line: [Android (14475230  +pgo  +bolt  +lto  +mlgo  based on r574158) clang version 21.0.0 (https://android.googlesource.com/toolchain/llvm-project 9f872551d3c681d06fd303b36f16ed5c274735eb)]
  ignore line: [Target: i686-none-linux-android23]
  ignore line: [Thread model: posix]
  ignore line: [InstalledDir: /home/z/android-sdk/ndk/30.0.14904198/toolchains/llvm/prebuilt/linux-x86_64/bin]
  ignore line: [ (in-process)]
  ignore line: [ "/home/z/android-sdk/ndk/30.0.14904198/toolchains/llvm/prebuilt/linux-x86_64/bin/clang++" -cc1 -triple i686-none-linux-android23 -emit-obj -disable-free -clear-ast-before-backend -disable-llvm-verifier -discard-value-names -main-file-name CMakeCXXCompilerABI.cpp -mrelocation-model pic -pic-level 2 -pic-is-pie -mframe-pointer=non-leaf -ffp-contract=on -fno-rounding-math -mconstructor-aliases -funwind-tables=2 -target-cpu i686 -target-feature +ssse3 -tune-cpu generic -debug-info-kind=constructor -dwarf-version=4 -debugger-tuning=gdb -fdebug-compilation-dir=/home/z/my-project/download/android_project/app/.cxx/Debug/5l4cg5dk/x86/CMakeFiles/CMakeTmp -v -ffunction-sections -fdata-sections -fcoverage-compilation-dir=/home/z/my-project/download/android_project/app/.cxx/Debug/5l4cg5dk/x86/CMakeFiles/CMakeTmp -resource-dir /home/z/android-sdk/ndk/30.0.14904198/toolchains/llvm/prebuilt/linux-x86_64/lib/clang/21 -dependency-file CMakeFiles/cmTC_5476a.dir/CMakeCXXCompilerABI.cpp.o.d -MT CMakeFiles/cmTC_5476a.dir/CMakeCXXCompilerABI.cpp.o -sys-header-deps -D ANDROID -D _FORTIFY_SOURCE=2 -isysroot /home/z/android-sdk/ndk/30.0.14904198/toolchains/llvm/prebuilt/linux-x86_64/sysroot -internal-isystem /home/z/android-sdk/ndk/30.0.14904198/toolchains/llvm/prebuilt/linux-x86_64/sysroot/usr/include/c++/v1 -internal-isystem /home/z/android-sdk/ndk/30.0.14904198/toolchains/llvm/prebuilt/linux-x86_64/lib/clang/21/include -internal-isystem /home/z/android-sdk/ndk/30.0.14904198/toolchains/llvm/prebuilt/linux-x86_64/sysroot/usr/local/include -internal-externc-isystem /home/z/android-sdk/ndk/30.0.14904198/toolchains/llvm/prebuilt/linux-x86_64/sysroot/usr/include/i686-linux-android -internal-externc-isystem /home/z/android-sdk/ndk/30.0.14904198/toolchains/llvm/prebuilt/linux-x86_64/sysroot/include -internal-externc-isystem /home/z/android-sdk/ndk/30.0.14904198/toolchains/llvm/prebuilt/linux-x86_64/sysroot/usr/include -Wformat -std=c++11 -fdeprecated-macro -ferror-limit 19 -femulated-tls -stack-protector 2 -mstackrealign -fgnuc-version=4.2.1 -fskip-odr-check-in-gmf -fcxx-exceptions -fexceptions -D__GCC_HAVE_DWARF2_CFI_ASM=1 -o CMakeFiles/cmTC_5476a.dir/CMakeCXXCompilerABI.cpp.o -x c++ /home/z/android-sdk/cmake/3.22.1/share/cmake-3.22/Modules/CMakeCXXCompilerABI.cpp]
  ignore line: [clang -cc1 version 21.0.0 based upon LLVM 21.0.0 default target x86_64-unknown-linux-gnu]
  ignore line: [ignoring nonexistent directory "/home/z/android-sdk/ndk/30.0.14904198/toolchains/llvm/prebuilt/linux-x86_64/sysroot/usr/local/include"]
  ignore line: [ignoring nonexistent directory "/home/z/android-sdk/ndk/30.0.14904198/toolchains/llvm/prebuilt/linux-x86_64/sysroot/include"]
  ignore line: [#include "..." search starts here:]
  ignore line: [#include <...> search starts here:]
  ignore line: [ /home/z/android-sdk/ndk/30.0.14904198/toolchains/llvm/prebuilt/linux-x86_64/sysroot/usr/include/c++/v1]
  ignore line: [ /home/z/android-sdk/ndk/30.0.14904198/toolchains/llvm/prebuilt/linux-x86_64/lib/clang/21/include]
  ignore line: [ /home/z/android-sdk/ndk/30.0.14904198/toolchains/llvm/prebuilt/linux-x86_64/sysroot/usr/include/i686-linux-android]
  ignore line: [ /home/z/android-sdk/ndk/30.0.14904198/toolchains/llvm/prebuilt/linux-x86_64/sysroot/usr/include]
  ignore line: [End of search list.]
  ignore line: [[2/2] Linking CXX executable cmTC_5476a]
  ignore line: [Android (14475230  +pgo  +bolt  +lto  +mlgo  based on r574158) clang version 21.0.0 (https://android.googlesource.com/toolchain/llvm-project 9f872551d3c681d06fd303b36f16ed5c274735eb)]
  ignore line: [Target: i686-none-linux-android23]
  ignore line: [Thread model: posix]
  ignore line: [InstalledDir: /home/z/android-sdk/ndk/30.0.14904198/toolchains/llvm/prebuilt/linux-x86_64/bin]
  link line: [ "/home/z/android-sdk/ndk/30.0.14904198/toolchains/llvm/prebuilt/linux-x86_64/bin/ld.lld" --sysroot=/home/z/android-sdk/ndk/30.0.14904198/toolchains/llvm/prebuilt/linux-x86_64/sysroot -z now -z relro --no-rosegment --hash-style=gnu --eh-frame-hdr -m elf_i386 -pie -dynamic-linker /system/bin/linker -o cmTC_5476a /home/z/android-sdk/ndk/30.0.14904198/toolchains/llvm/prebuilt/linux-x86_64/sysroot/usr/lib/i686-linux-android/23/crtbegin_dynamic.o -L/home/z/android-sdk/ndk/30.0.14904198/toolchains/llvm/prebuilt/linux-x86_64/lib/clang/21/lib/linux/i386 -L/home/z/android-sdk/ndk/30.0.14904198/toolchains/llvm/prebuilt/linux-x86_64/sysroot/usr/lib/i686-linux-android/23 -L/home/z/android-sdk/ndk/30.0.14904198/toolchains/llvm/prebuilt/linux-x86_64/sysroot/usr/lib/i686-linux-android -L/home/z/android-sdk/ndk/30.0.14904198/toolchains/llvm/prebuilt/linux-x86_64/sysroot/usr/lib --build-id=sha1 --no-rosegment --no-undefined-version --fatal-warnings --no-undefined CMakeFiles/cmTC_5476a.dir/CMakeCXXCompilerABI.cpp.o -Bstatic -lc++ -Bdynamic -lm /home/z/android-sdk/ndk/30.0.14904198/toolchains/llvm/prebuilt/linux-x86_64/lib/clang/21/lib/linux/libclang_rt.builtins-i686-android.a -l:libunwind.a -ldl -lc /home/z/android-sdk/ndk/30.0.14904198/toolchains/llvm/prebuilt/linux-x86_64/lib/clang/21/lib/linux/libclang_rt.builtins-i686-android.a -l:libunwind.a -ldl /home/z/android-sdk/ndk/30.0.14904198/toolchains/llvm/prebuilt/linux-x86_64/sysroot/usr/lib/i686-linux-android/23/crtend_android.o]
    arg [/home/z/android-sdk/ndk/30.0.14904198/toolchains/llvm/prebuilt/linux-x86_64/bin/ld.lld] ==> ignore
    arg [--sysroot=/home/z/android-sdk/ndk/30.0.14904198/toolchains/llvm/prebuilt/linux-x86_64/sysroot] ==> ignore
    arg [-znow] ==> ignore
    arg [-zrelro] ==> ignore
    arg [--no-rosegment] ==> ignore
    arg [--hash-style=gnu] ==> ignore
    arg [--eh-frame-hdr] ==> ignore
    arg [-m] ==> ignore
    arg [elf_i386] ==> ignore
    arg [-pie] ==> ignore
    arg [-dynamic-linker] ==> ignore
    arg [/system/bin/linker] ==> ignore
    arg [-o] ==> ignore
    arg [cmTC_5476a] ==> ignore
    arg [/home/z/android-sdk/ndk/30.0.14904198/toolchains/llvm/prebuilt/linux-x86_64/sysroot/usr/lib/i686-linux-android/23/crtbegin_dynamic.o] ==> obj [/home/z/android-sdk/ndk/30.0.14904198/toolchains/llvm/prebuilt/linux-x86_64/sysroot/usr/lib/i686-linux-android/23/crtbegin_dynamic.o]
    arg [-L/home/z/android-sdk/ndk/30.0.14904198/toolchains/llvm/prebuilt/linux-x86_64/lib/clang/21/lib/linux/i386] ==> dir [/home/z/android-sdk/ndk/30.0.14904198/toolchains/llvm/prebuilt/linux-x86_64/lib/clang/21/lib/linux/i386]
    arg [-L/home/z/android-sdk/ndk/30.0.14904198/toolchains/llvm/prebuilt/linux-x86_64/sysroot/usr/lib/i686-linux-android/23] ==> dir [/home/z/android-sdk/ndk/30.0.14904198/toolchains/llvm/prebuilt/linux-x86_64/sysroot/usr/lib/i686-linux-android/23]
    arg [-L/home/z/android-sdk/ndk/30.0.14904198/toolchains/llvm/prebuilt/linux-x86_64/sysroot/usr/lib/i686-linux-android] ==> dir [/home/z/android-sdk/ndk/30.0.14904198/toolchains/llvm/prebuilt/linux-x86_64/sysroot/usr/lib/i686-linux-android]
    arg [-L/home/z/android-sdk/ndk/30.0.14904198/toolchains/llvm/prebuilt/linux-x86_64/sysroot/usr/lib] ==> dir [/home/z/android-sdk/ndk/30.0.14904198/toolchains/llvm/prebuilt/linux-x86_64/sysroot/usr/lib]
    arg [--build-id=sha1] ==> ignore
    arg [--no-rosegment] ==> ignore
    arg [--no-undefined-version] ==> ignore
    arg [--fatal-warnings] ==> ignore
    arg [--no-undefined] ==> ignore
    arg [CMakeFiles/cmTC_5476a.dir/CMakeCXXCompilerABI.cpp.o] ==> ignore
    arg [-Bstatic] ==> search static
    arg [-lc++] ==> lib [c++]
    arg [-Bdynamic] ==> search dynamic
    arg [-lm] ==> lib [m]
    arg [/home/z/android-sdk/ndk/30.0.14904198/toolchains/llvm/prebuilt/linux-x86_64/lib/clang/21/lib/linux/libclang_rt.builtins-i686-android.a] ==> lib [/home/z/android-sdk/ndk/30.0.14904198/toolchains/llvm/prebuilt/linux-x86_64/lib/clang/21/lib/linux/libclang_rt.builtins-i686-android.a]
    arg [-l:libunwind.a] ==> lib [-l:libunwind.a]
    arg [-ldl] ==> lib [dl]
    arg [-lc] ==> lib [c]
    arg [/home/z/android-sdk/ndk/30.0.14904198/toolchains/llvm/prebuilt/linux-x86_64/lib/clang/21/lib/linux/libclang_rt.builtins-i686-android.a] ==> lib [/home/z/android-sdk/ndk/30.0.14904198/toolchains/llvm/prebuilt/linux-x86_64/lib/clang/21/lib/linux/libclang_rt.builtins-i686-android.a]
    arg [-l:libunwind.a] ==> lib [-l:libunwind.a]
    arg [-ldl] ==> lib [dl]
    arg [/home/z/android-sdk/ndk/30.0.14904198/toolchains/llvm/prebuilt/linux-x86_64/sysroot/usr/lib/i686-linux-android/23/crtend_android.o] ==> obj [/home/z/android-sdk/ndk/30.0.14904198/toolchains/llvm/prebuilt/linux-x86_64/sysroot/usr/lib/i686-linux-android/23/crtend_android.o]
  remove lib [/home/z/android-sdk/ndk/30.0.14904198/toolchains/llvm/prebuilt/linux-x86_64/lib/clang/21/lib/linux/libclang_rt.builtins-i686-android.a]
  remove lib [/home/z/android-sdk/ndk/30.0.14904198/toolchains/llvm/prebuilt/linux-x86_64/lib/clang/21/lib/linux/libclang_rt.builtins-i686-android.a]
  collapse library dir [/home/z/android-sdk/ndk/30.0.14904198/toolchains/llvm/prebuilt/linux-x86_64/lib/clang/21/lib/linux/i386] ==> [/home/z/android-sdk/ndk/30.0.14904198/toolchains/llvm/prebuilt/linux-x86_64/lib/clang/21/lib/linux/i386]
  collapse library dir [/home/z/android-sdk/ndk/30.0.14904198/toolchains/llvm/prebuilt/linux-x86_64/sysroot/usr/lib/i686-linux-android/23] ==> [/home/z/android-sdk/ndk/30.0.14904198/toolchains/llvm/prebuilt/linux-x86_64/sysroot/usr/lib/i686-linux-android/23]
  collapse library dir [/home/z/android-sdk/ndk/30.0.14904198/toolchains/llvm/prebuilt/linux-x86_64/sysroot/usr/lib/i686-linux-android] ==> [/home/z/android-sdk/ndk/30.0.14904198/toolchains/llvm/prebuilt/linux-x86_64/sysroot/usr/lib/i686-linux-android]
  collapse library dir [/home/z/android-sdk/ndk/30.0.14904198/toolchains/llvm/prebuilt/linux-x86_64/sysroot/usr/lib] ==> [/home/z/android-sdk/ndk/30.0.14904198/toolchains/llvm/prebuilt/linux-x86_64/sysroot/usr/lib]
  implicit libs: [c++;m;-l:libunwind.a;dl;c;-l:libunwind.a;dl]
  implicit objs: [/home/z/android-sdk/ndk/30.0.14904198/toolchains/llvm/prebuilt/linux-x86_64/sysroot/usr/lib/i686-linux-android/23/crtbegin_dynamic.o;/home/z/android-sdk/ndk/30.0.14904198/toolchains/llvm/prebuilt/linux-x86_64/sysroot/usr/lib/i686-linux-android/23/crtend_android.o]
  implicit dirs: [/home/z/android-sdk/ndk/30.0.14904198/toolchains/llvm/prebuilt/linux-x86_64/lib/clang/21/lib/linux/i386;/home/z/android-sdk/ndk/30.0.14904198/toolchains/llvm/prebuilt/linux-x86_64/sysroot/usr/lib/i686-linux-android/23;/home/z/android-sdk/ndk/30.0.14904198/toolchains/llvm/prebuilt/linux-x86_64/sysroot/usr/lib/i686-linux-android;/home/z/android-sdk/ndk/30.0.14904198/toolchains/llvm/prebuilt/linux-x86_64/sysroot/usr/lib]
  implicit fwks: []


